  Kumori.Core -> D:\Off Limits Tools\Kumori\src\Kumori.Core\bin\Release\net10.0\Kumori.Core.dll
  Kumori.FarmFinder -> D:\Off Limits Tools\Kumori\src\Kumori.FarmFinder\bin\Release\net10.0\Kumori.FarmFinder.dll
  Kumori.AutoMapperCompatPatcher -> D:\Off Limits Tools\Kumori\tools\Kumori.AutoMapperCompatPatcher\bin\Release\net10.0\Kumori.AutoMapperCompatPatcher.dll
  Kumori.Tracking.RealmModels -> D:\Off Limits Tools\Kumori\src\Kumori.Tracking.RealmModels\bin\Release\net10.0\Kumori.Tracking.RealmModels.dll
  Kumori.StableFrameBridge -> D:\Off Limits Tools\Kumori\src\Kumori.StableFrameBridge\bin\Release\net10.0\win-x86\Kumori.StableFrameBridge.dll
  Kumori.Skins -> D:\Off Limits Tools\Kumori\src\Kumori.Skins\bin\Release\net10.0\Kumori.Skins.dll
  Kumori.LazerSkins -> D:\Off Limits Tools\Kumori\src\Kumori.LazerSkins\bin\Release\net10.0\Kumori.LazerSkins.dll
  Kumori.Skins.Tests -> D:\Off Limits Tools\Kumori\tests\Kumori.Skins.Tests\bin\Release\net10.0\Kumori.Skins.Tests.dll
  Kumori.Tracking -> D:\Off Limits Tools\Kumori\src\Kumori.Tracking\bin\Release\net10.0\Kumori.Tracking.dll
  Kumori.Tracking.Tests -> D:\Off Limits Tools\Kumori\tests\Kumori.Tracking.Tests\bin\Release\net10.0\Kumori.Tracking.Tests.dll
  osu.Game -> D:\Off Limits Tools\Kumori\third_party\osu\osu.Game\bin\Debug\net8.0\osu.Game.dll
  osu.Game.Rulesets.Osu -> D:\Off Limits Tools\Kumori\third_party\osu\osu.Game.Rulesets.Osu\bin\Debug\net8.0\osu.Game.Rulesets.Osu.dll
  Kumori.Gameplay -> D:\Off Limits Tools\Kumori\src\Kumori.Gameplay\bin\Release\net10.0\Kumori.Gameplay.dll
  Patched 3 AutoMapper constructor call(s): D:\Off Limits Tools\Kumori\src\Kumori.Gameplay\bin\Release\net10.0\osu.Game.dll
  Kumori.Storage -> D:\Off Limits Tools\Kumori\src\Kumori.Storage\bin\Release\net10.0\Kumori.Storage.dll
  Kumori.ReplayViewer -> D:\Off Limits Tools\Kumori\replay_viewer\bin\Release\net10.0\win-x64\Kumori.ReplayViewer.dll
  Used cached AutoMapper compatibility patch: D:\Off Limits Tools\Kumori\src\Kumori.Storage\bin\Release\net10.0\osu.Game.dll
  Kumori.Native -> D:\Off Limits Tools\Kumori\src\Kumori.Native\bin\Release\net10.0-windows10.0.17763.0\Kumori.Native.dll
  Kumori.FarmFinderCachePublisher -> D:\Off Limits Tools\Kumori\tools\Kumori.FarmFinderCachePublisher\bin\Release\net10.0\Kumori.FarmFinderCachePublisher.dll
  Kumori.FixtureDiff -> D:\Off Limits Tools\Kumori\src\Kumori.FixtureDiff\bin\Release\net10.0\Kumori.FixtureDiff.dll
  Used cached AutoMapper compatibility patch: D:\Off Limits Tools\Kumori\replay_viewer\bin\Release\net10.0\win-x64\osu.Game.dll
  Kumori.Storage.Tests -> D:\Off Limits Tools\Kumori\tests\Kumori.Storage.Tests\bin\Release\net10.0\Kumori.Storage.Tests.dll
  Kumori.Core.Tests -> D:\Off Limits Tools\Kumori\tests\Kumori.Core.Tests\bin\Release\net10.0\Kumori.Core.Tests.dll
  Used cached AutoMapper compatibility patch: D:\Off Limits Tools\Kumori\src\Kumori.Native\bin\Release\net10.0-windows10.0.17763.0\osu.Game.dll
  Kumori.ReplayFrameTool -> D:\Off Limits Tools\Kumori\src\Kumori.ReplayFrameTool\bin\Release\net10.0-windows10.0.17763.0\win-x64\Kumori.ReplayFrameTool.dll
  Used cached AutoMapper compatibility patch: D:\Off Limits Tools\Kumori\tools\Kumori.FarmFinderCachePublisher\bin\Release\net10.0\osu.Game.dll
  Used cached AutoMapper compatibility patch: D:\Off Limits Tools\Kumori\src\Kumori.FixtureDiff\bin\Release\net10.0\osu.Game.dll
  Used cached AutoMapper compatibility patch: D:\Off Limits Tools\Kumori\tests\Kumori.Storage.Tests\bin\Release\net10.0\osu.Game.dll
  Used cached AutoMapper compatibility patch: D:\Off Limits Tools\Kumori\tests\Kumori.Core.Tests\bin\Release\net10.0\osu.Game.dll
  Used cached AutoMapper compatibility patch: D:\Off Limits Tools\Kumori\src\Kumori.ReplayFrameTool\bin\Release\net10.0-windows10.0.17763.0\win-x64\osu.Game.dll
  Kumori.App -> D:\Off Limits Tools\Kumori\src\Kumori.App\bin\Release\net10.0-windows10.0.17763.0\Kumori.dll
  Used cached AutoMapper compatibility patch: D:\Off Limits Tools\Kumori\src\Kumori.App\bin\Release\net10.0-windows10.0.17763.0\osu.Game.dll
  Kumori.StableFrameBridge -> D:\Off Limits Tools\Kumori\src\Kumori.StableFrameBridge\bin\Release\net10.0\win-x86\Kumori.StableFrameBridge.dll
  Kumori.App.Tests -> D:\Off Limits Tools\Kumori\tests\Kumori.App.Tests\bin\Release\net10.0-windows10.0.17763.0\Kumori.App.Tests.dll
  Used cached AutoMapper compatibility patch: D:\Off Limits Tools\Kumori\tests\Kumori.App.Tests\bin\Release\net10.0-windows10.0.17763.0\osu.Game.dll

Build succeeded.
    0 Warning(s)
    0 Error(s)

Time Elapsed 00:00:20.32
